  Determining projects to restore...
  All projects are up-to-date for restore.
  SAFARIstack.Shared -> C:\Users\madoc\OneDrive\Documents\Lodge&Hotel\backend\src\SAFARIstack.Shared\bin\Debug\net9.0\SAFARIstack.Shared.dll
  SAFARIstack.Modules.Analytics -> C:\Users\madoc\OneDrive\Documents\Lodge&Hotel\backend\src\SAFARIstack.Modules.Analytics\bin\Debug\net9.0\SAFARIstack.Modules.Analytics.dll
  SAFARIstack.Modules.Addons -> C:\Users\madoc\OneDrive\Documents\Lodge&Hotel\backend\src\SAFARIstack.Modules.Addons\bin\Debug\net9.0\SAFARIstack.Modules.Addons.dll
  SAFARIstack.Modules.Events -> C:\Users\madoc\OneDrive\Documents\Lodge&Hotel\backend\src\SAFARIstack.Modules.Events\bin\Debug\net9.0\SAFARIstack.Modules.Events.dll
  SAFARIstack.Modules.Staff -> C:\Users\madoc\OneDrive\Documents\Lodge&Hotel\backend\src\SAFARIstack.Modules.Staff\bin\Debug\net9.0\SAFARIstack.Modules.Staff.dll
C:\Users\madoc\OneDrive\Documents\Lodge&Hotel\backend\src\SAFARIstack.Core\Domain\Entities\POS.cs(1,31): error CS0234: The type or namespace name 'Common' does not exist in the namespace 'SAFARIstack.Core.Domain' (are you missing an assembly reference?) [C:\Users\madoc\OneDrive\Documents\Lodge&Hotel\backend\src\SAFARIstack.Core\SAFARIstack.Core.csproj]
C:\Users\madoc\OneDrive\Documents\Lodge&Hotel\backend\src\SAFARIstack.Core\Domain\Entities\OutboxEvent.cs(27,17): warning CS0108: 'OutboxEvent.Id' hides inherited member 'Entity.Id'. Use the new keyword if hiding was intended. [C:\Users\madoc\OneDrive\Documents\Lodge&Hotel\backend\src\SAFARIstack.Core\SAFARIstack.Core.csproj]
C:\Users\madoc\OneDrive\Documents\Lodge&Hotel\backend\src\SAFARIstack.Core\Domain\Entities\POS.cs(14,27): error CS0246: The type or namespace name 'AuditableEntity' could not be found (are you missing a using directive or an assembly reference?) [C:\Users\madoc\OneDrive\Documents\Lodge&Hotel\backend\src\SAFARIstack.Core\SAFARIstack.Core.csproj]
C:\Users\madoc\OneDrive\Documents\Lodge&Hotel\backend\src\SAFARIstack.Core\Domain\Entities\POS.cs(112,28): error CS0246: The type or namespace name 'AuditableEntity' could not be found (are you missing a using directive or an assembly reference?) [C:\Users\madoc\OneDrive\Documents\Lodge&Hotel\backend\src\SAFARIstack.Core\SAFARIstack.Core.csproj]
C:\Users\madoc\OneDrive\Documents\Lodge&Hotel\backend\src\SAFARIstack.Core\Domain\Entities\POS.cs(194,30): error CS0246: The type or namespace name 'AuditableEntity' could not be found (are you missing a using directive or an assembly reference?) [C:\Users\madoc\OneDrive\Documents\Lodge&Hotel\backend\src\SAFARIstack.Core\SAFARIstack.Core.csproj]
  SAFARIstack.Modules.Channels -> C:\Users\madoc\OneDrive\Documents\Lodge&Hotel\backend\src\SAFARIstack.Modules.Channels\bin\Debug\net9.0\SAFARIstack.Modules.Channels.dll
  SAFARIstack.Modules.Revenue -> C:\Users\madoc\OneDrive\Documents\Lodge&Hotel\backend\src\SAFARIstack.Modules.Revenue\bin\Debug\net9.0\SAFARIstack.Modules.Revenue.dll

Build FAILED.

C:\Users\madoc\OneDrive\Documents\Lodge&Hotel\backend\src\SAFARIstack.Core\Domain\Entities\OutboxEvent.cs(27,17): warning CS0108: 'OutboxEvent.Id' hides inherited member 'Entity.Id'. Use the new keyword if hiding was intended. [C:\Users\madoc\OneDrive\Documents\Lodge&Hotel\backend\src\SAFARIstack.Core\SAFARIstack.Core.csproj]
C:\Users\madoc\OneDrive\Documents\Lodge&Hotel\backend\src\SAFARIstack.Core\Domain\Entities\POS.cs(1,31): error CS0234: The type or namespace name 'Common' does not exist in the namespace 'SAFARIstack.Core.Domain' (are you missing an assembly reference?) [C:\Users\madoc\OneDrive\Documents\Lodge&Hotel\backend\src\SAFARIstack.Core\SAFARIstack.Core.csproj]
C:\Users\madoc\OneDrive\Documents\Lodge&Hotel\backend\src\SAFARIstack.Core\Domain\Entities\POS.cs(14,27): error CS0246: The type or namespace name 'AuditableEntity' could not be found (are you missing a using directive or an assembly reference?) [C:\Users\madoc\OneDrive\Documents\Lodge&Hotel\backend\src\SAFARIstack.Core\SAFARIstack.Core.csproj]
C:\Users\madoc\OneDrive\Documents\Lodge&Hotel\backend\src\SAFARIstack.Core\Domain\Entities\POS.cs(112,28): error CS0246: The type or namespace name 'AuditableEntity' could not be found (are you missing a using directive or an assembly reference?) [C:\Users\madoc\OneDrive\Documents\Lodge&Hotel\backend\src\SAFARIstack.Core\SAFARIstack.Core.csproj]
C:\Users\madoc\OneDrive\Documents\Lodge&Hotel\backend\src\SAFARIstack.Core\Domain\Entities\POS.cs(194,30): error CS0246: The type or namespace name 'AuditableEntity' could not be found (are you missing a using directive or an assembly reference?) [C:\Users\madoc\OneDrive\Documents\Lodge&Hotel\backend\src\SAFARIstack.Core\SAFARIstack.Core.csproj]
    1 Warning(s)
    4 Error(s)

Time Elapsed 00:00:06.91
